// Jest Snapshot v1, https://goo.gl/fbAQLP

exports[`Card component UI renders 1`] = `
Array [
  <div
    className="Card"
  >
    <button
      type="button"
    >
      delete
    </button>
    <h3>
      First card
    </h3>
    <p>
      lorem ipsum
    </p>
  </div>,
  <div
    className="Card"
  >
    <button
      type="button"
    >
      delete
    </button>
    <h3>
      Second card
    </h3>
    <p>
      lorem ipsum
    </p>
  </div>,
  <div
    className="Card"
  >
    <button
      type="button"
    >
      delete
    </button>
    <h3>
      Third card
    </h3>
    <p>
      lorem ipsum
    </p>
  </div>,
  <div
    className="Card"
  >
    <button
      type="button"
    >
      delete
    </button>
    <h3>
      Fourth card
    </h3>
    <p>
      lorem ipsum
    </p>
  </div>,
  <div
    className="Card"
  >
    <button
      type="button"
    >
      delete
    </button>
    <h3>
      Fifth card
    </h3>
    <p>
      lorem ipsum
    </p>
  </div>,
  <div
    className="Card"
  >
    <button
      type="button"
    >
      delete
    </button>
    <h3>
      Sixth card
    </h3>
    <p>
      lorem ipsum
    </p>
  </div>,
  <div
    className="Card"
  >
    <button
      type="button"
    >
      delete
    </button>
    <h3>
      Seventh card
    </h3>
    <p>
      lorem ipsum
    </p>
  </div>,
  <div
    className="Card"
  >
    <button
      type="button"
    >
      delete
    </button>
    <h3>
      Eighth card
    </h3>
    <p>
      lorem ipsum
    </p>
  </div>,
  <div
    className="Card"
  >
    <button
      type="button"
    >
      delete
    </button>
    <h3>
      Ninth card
    </h3>
    <p>
      lorem ipsum
    </p>
  </div>,
  <div
    className="Card"
  >
    <button
      type="button"
    >
      delete
    </button>
    <h3>
      Tenth card
    </h3>
    <p>
      lorem ipsum
    </p>
  </div>,
  <div
    className="Card"
  >
    <button
      type="button"
    >
      delete
    </button>
    <h3>
      Eleventh card
    </h3>
    <p>
      lorem ipsum
    </p>
  </div>,
  <div
    className="Card"
  >
    <button
      type="button"
    >
      delete
    </button>
    <h3>
      Twelfth card
    </h3>
    <p>
      lorem ipsum
    </p>
  </div>,
  <div
    className="Card"
  >
    <button
      type="button"
    >
      delete
    </button>
    <h3>
      Thirteenth card
    </h3>
    <p>
      lorem ipsum
    </p>
  </div>,
]
`;
